============================= test session starts =============================
platform win32 -- Python 3.14.3, pytest-9.0.2, pluggy-1.6.0 -- D:\AI\project\sensitive\.venv\Scripts\python.exe
cachedir: .pytest_cache
rootdir: D:\AI\project\sensitive
configfile: pyproject.toml
collecting ... collected 13 items

tests/test_scanner.py::TestPatternScan::test_bank_account_16_digits PASSED [  7%]
tests/test_scanner.py::TestPatternScan::test_bank_account_19_digits PASSED [ 15%]
tests/test_scanner.py::TestPatternScan::test_phone_number PASSED         [ 23%]
tests/test_scanner.py::TestPatternScan::test_id_card PASSED              [ 30%]
tests/test_scanner.py::TestPatternScan::test_no_false_positive_short_number PASSED [ 38%]
tests/test_scanner.py::TestKeywordScan::test_payer_name PASSED           [ 46%]
tests/test_scanner.py::TestKeywordScan::test_payer_account PASSED        [ 53%]
tests/test_scanner.py::TestKeywordScan::test_payer_bank PASSED           [ 61%]
tests/test_scanner.py::TestKeywordScan::test_multiple_labels PASSED      [ 69%]
tests/test_scanner.py::TestRedaction::test_redact_text PASSED            [ 76%]
tests/test_scanner.py::TestRedaction::test_redact_preserves_structure PASSED [ 84%]
tests/test_scanner.py::TestKeyValueScan::test_kv_pair_match PASSED       [ 92%]
tests/test_scanner.py::TestKeyValueScan::test_kv_pair_regex_in_value PASSED [100%]

============================= 13 passed in 0.04s ==============================
